Copyright 1986-2022 Xilinx, Inc. All Rights Reserved. Copyright 2022-2025 Advanced Micro Devices, Inc. All Rights Reserved.
---------------------------------------------------------------------------------------------------------------------------------------------
| Tool Version : Vivado v.2024.2.2 (win64) Build 6060944 Thu Mar 06 19:10:01 MST 2025
| Date         : Mon Jul 13 12:52:51 2026
| Host         : ECE-MCU2-15 running 64-bit major release  (build 9200)
| Command      : report_control_sets -verbose -file mvm_control_sets_placed.rpt
| Design       : mvm
| Device       : xck26
---------------------------------------------------------------------------------------------------------------------------------------------

Control Set Information

Table of Contents
-----------------
1. Summary
2. Histogram
3. Flip-Flop Distribution
4. Detailed Control Set Information

1. Summary
----------

+----------------------------------------------------------+-------+
|                          Status                          | Count |
+----------------------------------------------------------+-------+
| Total control sets                                       |    48 |
|    Minimum number of control sets                        |    48 |
|    Addition due to synthesis replication                 |     0 |
|    Addition due to physical synthesis replication        |     0 |
| Unused register locations in slices containing registers |    12 |
+----------------------------------------------------------+-------+
* Control sets can be merged at opt_design using control_set_merge or merge_equivalent_drivers
** Run report_qor_suggestions for automated merging and remapping suggestions


2. Histogram
------------

+--------------------+-------+
|       Fanout       | Count |
+--------------------+-------+
| Total control sets |    48 |
| >= 0 to < 4        |     0 |
| >= 4 to < 6        |     0 |
| >= 6 to < 8        |     0 |
| >= 8 to < 10       |     1 |
| >= 10 to < 12      |     3 |
| >= 12 to < 14      |     0 |
| >= 14 to < 16      |     0 |
| >= 16              |    44 |
+--------------------+-------+
* Control sets can be remapped at either synth_design or opt_design


3. Flip-Flop Distribution
-------------------------

+--------------+-----------------------+------------------------+-----------------+--------------+
| Clock Enable | Synchronous Set/Reset | Asynchronous Set/Reset | Total Registers | Total Slices |
+--------------+-----------------------+------------------------+-----------------+--------------+
| No           | No                    | No                     |             324 |          149 |
| No           | No                    | Yes                    |               0 |            0 |
| No           | Yes                   | No                     |            1183 |          144 |
| Yes          | No                    | No                     |               0 |            0 |
| Yes          | No                    | Yes                    |               0 |            0 |
| Yes          | Yes                   | No                     |             313 |           47 |
+--------------+-----------------------+------------------------+-----------------+--------------+


4. Detailed Control Set Information
-----------------------------------

+--------------+---------------------------------------------------------------+---------------------------------+------------------+----------------+--------------+
| Clock Signal |                         Enable Signal                         |         Set/Reset Signal        | Slice Load Count | Bel Load Count | Bels / Slice |
+--------------+---------------------------------------------------------------+---------------------------------+------------------+----------------+--------------+
|  clk         |                                                               | ctrl_inst/word_count[8]_i_1_n_0 |                2 |              9 |         4.50 |
|  clk         | GEN_OLANES[0].accum_inst/E[0]                                 | GEN_OLANES[0].accum_inst/SR[0]  |                2 |             10 |         5.00 |
|  clk         | ctrl_inst/state1                                              | ctrl_inst/row_count[9]_i_1_n_0  |                3 |             10 |         3.33 |
|  clk         | start_accepted                                                | rst                             |                2 |             10 |         5.00 |
|  clk         | ctrl_inst/mat_rows_reg_0                                      | rst                             |               10 |             27 |         2.70 |
|  clk         | GEN_OLANES[3].matrix_mem/mem_array_reg_192_255_0_6_i_1__2_n_0 |                                 |               10 |             74 |         7.40 |
|  clk         | GEN_OLANES[3].matrix_mem/mem_array_reg_256_319_0_6_i_1__2_n_0 |                                 |               10 |             74 |         7.40 |
|  clk         | GEN_OLANES[0].matrix_mem/mem_array_reg_384_447_0_6_i_1_n_0    |                                 |               10 |             74 |         7.40 |
|  clk         | GEN_OLANES[0].matrix_mem/mem_array_reg_0_63_0_6_i_7_n_0       |                                 |               10 |             74 |         7.40 |
|  clk         | GEN_OLANES[0].matrix_mem/mem_array_reg_128_191_0_6_i_1_n_0    |                                 |               10 |             74 |         7.40 |
|  clk         | GEN_OLANES[0].matrix_mem/mem_array_reg_192_255_0_6_i_1_n_0    |                                 |               10 |             74 |         7.40 |
|  clk         | GEN_OLANES[0].matrix_mem/mem_array_reg_256_319_0_6_i_1_n_0    |                                 |               10 |             74 |         7.40 |
|  clk         | GEN_OLANES[0].matrix_mem/mem_array_reg_320_383_0_6_i_1_n_0    |                                 |               10 |             74 |         7.40 |
|  clk         | GEN_OLANES[0].matrix_mem/mem_array_reg_448_511_0_6_i_1_n_0    |                                 |               10 |             74 |         7.40 |
|  clk         | GEN_OLANES[0].matrix_mem/mem_array_reg_64_127_0_6_i_1_n_0     |                                 |               10 |             74 |         7.40 |
|  clk         | GEN_OLANES[4].matrix_mem/mem_array_reg_0_63_0_6_i_7__3_n_0    |                                 |               10 |             74 |         7.40 |
|  clk         | GEN_OLANES[4].matrix_mem/mem_array_reg_128_191_0_6_i_1__3_n_0 |                                 |               10 |             74 |         7.40 |
|  clk         | GEN_OLANES[4].matrix_mem/mem_array_reg_192_255_0_6_i_1__3_n_0 |                                 |               10 |             74 |         7.40 |
|  clk         | GEN_OLANES[4].matrix_mem/mem_array_reg_256_319_0_6_i_1__3_n_0 |                                 |               10 |             74 |         7.40 |
|  clk         | GEN_OLANES[4].matrix_mem/mem_array_reg_320_383_0_6_i_1__3_n_0 |                                 |               10 |             74 |         7.40 |
|  clk         | GEN_OLANES[4].matrix_mem/mem_array_reg_384_447_0_6_i_1__3_n_0 |                                 |               10 |             74 |         7.40 |
|  clk         | GEN_OLANES[4].matrix_mem/mem_array_reg_448_511_0_6_i_1__3_n_0 |                                 |               10 |             74 |         7.40 |
|  clk         | GEN_OLANES[4].matrix_mem/mem_array_reg_64_127_0_6_i_1__3_n_0  |                                 |               10 |             74 |         7.40 |
|  clk         | GEN_OLANES[3].matrix_mem/mem_array_reg_384_447_0_6_i_1__2_n_0 |                                 |               10 |             74 |         7.40 |
|  clk         | GEN_OLANES[3].matrix_mem/mem_array_reg_448_511_0_6_i_1__2_n_0 |                                 |               10 |             74 |         7.40 |
|  clk         | GEN_OLANES[3].matrix_mem/mem_array_reg_64_127_0_6_i_1__2_n_0  |                                 |               10 |             74 |         7.40 |
|  clk         | GEN_OLANES[1].matrix_mem/mem_array_reg_0_63_0_6_i_7__0_n_0    |                                 |               10 |             74 |         7.40 |
|  clk         | GEN_OLANES[1].matrix_mem/mem_array_reg_128_191_0_6_i_1__0_n_0 |                                 |               10 |             74 |         7.40 |
|  clk         | GEN_OLANES[1].matrix_mem/mem_array_reg_192_255_0_6_i_1__0_n_0 |                                 |               10 |             74 |         7.40 |
|  clk         | GEN_OLANES[1].matrix_mem/mem_array_reg_256_319_0_6_i_1__0_n_0 |                                 |               10 |             74 |         7.40 |
|  clk         | GEN_OLANES[1].matrix_mem/mem_array_reg_320_383_0_6_i_1__0_n_0 |                                 |               10 |             74 |         7.40 |
|  clk         | GEN_OLANES[1].matrix_mem/mem_array_reg_384_447_0_6_i_1__0_n_0 |                                 |               10 |             74 |         7.40 |
|  clk         | GEN_OLANES[1].matrix_mem/mem_array_reg_448_511_0_6_i_1__0_n_0 |                                 |               10 |             74 |         7.40 |
|  clk         | GEN_OLANES[1].matrix_mem/mem_array_reg_64_127_0_6_i_1__0_n_0  |                                 |               10 |             74 |         7.40 |
|  clk         | GEN_OLANES[3].matrix_mem/mem_array_reg_320_383_0_6_i_1__2_n_0 |                                 |               10 |             74 |         7.40 |
|  clk         | GEN_OLANES[2].matrix_mem/mem_array_reg_0_63_0_6_i_7__1_n_0    |                                 |               10 |             74 |         7.40 |
|  clk         | GEN_OLANES[2].matrix_mem/mem_array_reg_128_191_0_6_i_1__1_n_0 |                                 |               10 |             74 |         7.40 |
|  clk         | GEN_OLANES[2].matrix_mem/mem_array_reg_192_255_0_6_i_1__1_n_0 |                                 |               10 |             74 |         7.40 |
|  clk         | GEN_OLANES[2].matrix_mem/mem_array_reg_256_319_0_6_i_1__1_n_0 |                                 |               10 |             74 |         7.40 |
|  clk         | GEN_OLANES[2].matrix_mem/mem_array_reg_320_383_0_6_i_1__1_n_0 |                                 |               10 |             74 |         7.40 |
|  clk         | GEN_OLANES[2].matrix_mem/mem_array_reg_384_447_0_6_i_1__1_n_0 |                                 |               10 |             74 |         7.40 |
|  clk         | GEN_OLANES[2].matrix_mem/mem_array_reg_448_511_0_6_i_1__1_n_0 |                                 |               10 |             74 |         7.40 |
|  clk         | GEN_OLANES[2].matrix_mem/mem_array_reg_64_127_0_6_i_1__1_n_0  |                                 |               10 |             74 |         7.40 |
|  clk         | GEN_OLANES[3].matrix_mem/mem_array_reg_0_63_0_6_i_7__2_n_0    |                                 |               10 |             74 |         7.40 |
|  clk         | GEN_OLANES[3].matrix_mem/mem_array_reg_128_191_0_6_i_1__2_n_0 |                                 |               10 |             74 |         7.40 |
|  clk         | GEN_OLANES[0].dot8_inst/dot_ovalid_0                          | rst                             |               32 |            256 |         8.00 |
|  clk         |                                                               |                                 |              150 |            327 |         2.18 |
|  clk         |                                                               | rst                             |              142 |           1174 |         8.27 |
+--------------+---------------------------------------------------------------+---------------------------------+------------------+----------------+--------------+


